error[E0275]: overflow evaluating the requirement `TestModule: HasComponent<(dyn Component1Trait + 'static)>`
